// Jest Snapshot v1, https://goo.gl/fbAQLP

exports[`Render Button Should render correctly button component 1`] = `
<button
  className="Button undefined"
/>
`;
